#
# There is insufficient memory for the Java Runtime Environment to continue.
# Native memory allocation (mmap) failed to map 257949696 bytes for G1 virtual space
# Possible reasons:
#   The system is out of physical RAM or swap space
#   The process is running with CompressedOops enabled, and the Java Heap may be blocking the growth of the native heap
# Possible solutions:
#   Reduce memory load on the system
#   Increase physical memory or swap space
#   Check if swap backing store is full
#   Decrease Java heap size (-Xmx/-Xms)
#   Decrease number of Java threads
#   Decrease Java thread stack sizes (-Xss)
#   Set larger code cache with -XX:ReservedCodeCacheSize=
#   JVM is running with Zero Based Compressed Oops mode in which the Java heap is
#     placed in the first 32GB address space. The Java Heap base address is the
#     maximum limit for the native heap growth. Please use -XX:HeapBaseMinAddress
#     to set the Java Heap base and to place the Java Heap above 32GB virtual address.
# This output file may be truncated or incomplete.
#
#  Out of Memory Error (os_windows.cpp:3603), pid=3164, tid=1556
#
# JRE version:  (21.0.9+7) (build )
# Java VM: Java HotSpot(TM) 64-Bit Server VM (21.0.9+7-LTS-338, mixed mode, sharing, tiered, compressed oops, compressed class ptrs, g1 gc, windows-amd64)
# No core dump will be written. Minidumps are not enabled by default on client versions of Windows
#

---------------  S U M M A R Y ------------

Command Line: -XX:+ShowCodeDetailsInExceptionMessages App

Host: AMD Ryzen 5 PRO 4650G with Radeon Graphics, 12 cores, 15G,  Windows 11 , 64 bit Build 26100 (10.0.26100.7623)
Time: Fri Aug 14 22:02:49 2026 Hora oficial do Brasil elapsed time: 1.250474 seconds (0d 0h 0m 1s)

---------------  T H R E A D  ---------------

Current thread (0x0000023e9e696af0):  JavaThread "Unknown thread" [_thread_in_vm, id=1556, stack(0x000000d9d8c00000,0x000000d9d8d00000) (1024K)]

Stack: [0x000000d9d8c00000,0x000000d9d8d00000]
Native frames: (J=compiled Java code, j=interpreted, Vv=VM code, C=native code)
V  [jvm.dll+0x6cbf89]
V  [jvm.dll+0x858421]
V  [jvm.dll+0x85a94e]
V  [jvm.dll+0x85b023]
V  [jvm.dll+0x27ebc6]
V  [jvm.dll+0x6c8705]
V  [jvm.dll+0x6bd26a]
V  [jvm.dll+0x354a0a]
V  [jvm.dll+0x35c686]
V  [jvm.dll+0x3af79e]
V  [jvm.dll+0x3afa48]
V  [jvm.dll+0x328d1c]
V  [jvm.dll+0x32987b]
V  [jvm.dll+0x821739]
V  [jvm.dll+0x3bc481]
V  [jvm.dll+0x80a9b8]
V  [jvm.dll+0x45166e]
V  [jvm.dll+0x453261]
C  [jli.dll+0x52a3]
C  [ucrtbase.dll+0x37b0]
C  [KERNEL32.DLL+0x2e8d7]
C  [ntdll.dll+0x8c53c]


---------------  P R O C E S S  ---------------

Threads class SMR info:
_java_thread_list=0x00007ffdf711fc08, length=0, elements={
}

Java Threads: ( => current thread )
Total: 0

Other Threads:
  0x0000023ea0abdc10 WorkerThread "GC Thread#0"                     [id=11476, stack(0x000000d9d8d00000,0x000000d9d8e00000) (1024K)]
  0x0000023ea0ace120 ConcurrentGCThread "G1 Main Marker"            [id=2876, stack(0x000000d9d8e00000,0x000000d9d8f00000) (1024K)]
  0x0000023ea0ad1cd0 WorkerThread "G1 Conc#0"                       [id=14456, stack(0x000000d9d8f00000,0x000000d9d9000000) (1024K)]

[error occurred during error reporting (printing all threads), id 0xc0000005, EXCEPTION_ACCESS_VIOLATION (0xc0000005) at pc=0x00007ffdf688b4a7]
VM state: not at safepoint (not fully initialized)

VM Mutex/Monitor currently owned by a thread:  ([mutex/lock_event])
[0x00007ffdf7190ef0] Heap_lock - owner thread: 0x0000023e9e696af0

Heap address: 0x000000070a000000, size: 3936 MB, Compressed Oops mode: Zero based, Oop shift amount: 3

CDS archive(s) mapped at: [0x0000000000000000-0x0000000000000000-0x0000000000000000), size 0, SharedBaseAddress: 0x0000000800000000, ArchiveRelocationMode: 1.
Narrow klass base: 0x0000000000000000, Narrow klass shift: 0, Narrow klass range: 0x0

GC Precious Log:
 CardTable entry size: 512
 Card Set container configuration: InlinePtr #cards 4 size 8 Array Of Cards #cards 16 size 48 Howl #buckets 8 coarsen threshold 3686 Howl Bitmap #cards 512 size 80 coarsen threshold 460 Card regions per heap region 1 cards per card region 4096

Heap:
 garbage-first heap   total 0K, used 0K [0x000000070a000000, 0x0000000800000000)
  region size 2048K, 0 young (0K), 0 survivors (0K)

[error occurred during error reporting (printing heap information), id 0xc0000005, EXCEPTION_ACCESS_VIOLATION (0xc0000005) at pc=0x00007ffdf6c74ff9]
GC Heap History (0 events):
No events

Dll operation events (1 events):
Event: 0.010 Loaded shared library C:\Users\Admin\PROGSATIVOS\jdks-java\jdk-21_windows-x64_bin\jdk-21.0.9\bin\java.dll

Deoptimization events (0 events):
No events

Classes loaded (0 events):
No events

Classes unloaded (0 events):
No events

Classes redefined (0 events):
No events

Internal exceptions (0 events):
No events

ZGC Phase Switch (0 events):
No events

VM Operations (0 events):
No events

Events (0 events):
No events


Dynamic libraries:
0x00007ff7527d0000 - 0x00007ff7527e0000 	C:\Users\Admin\PROGSATIVOS\jdks-java\jdk-21_windows-x64_bin\jdk-21.0.9\bin\java.exe
0x00007ffe86d20000 - 0x00007ffe86f87000 	C:\WINDOWS\SYSTEM32\ntdll.dll
0x00007ffe85280000 - 0x00007ffe85349000 	C:\WINDOWS\System32\KERNEL32.DLL
0x00007ffe842e0000 - 0x00007ffe846cf000 	C:\WINDOWS\System32\KERNELBASE.dll
0x00007ffe83f20000 - 0x00007ffe8406b000 	C:\WINDOWS\System32\ucrtbase.dll
0x00007ffe71a80000 - 0x00007ffe71a9b000 	C:\Users\Admin\PROGSATIVOS\jdks-java\jdk-21_windows-x64_bin\jdk-21.0.9\bin\VCRUNTIME140.dll
0x00007ffe66060000 - 0x00007ffe66079000 	C:\Users\Admin\PROGSATIVOS\jdks-java\jdk-21_windows-x64_bin\jdk-21.0.9\bin\jli.dll
0x00007ffe851c0000 - 0x00007ffe85274000 	C:\WINDOWS\System32\ADVAPI32.dll
0x00007ffe85430000 - 0x00007ffe854d9000 	C:\WINDOWS\System32\msvcrt.dll
0x00007ffe85980000 - 0x00007ffe85a26000 	C:\WINDOWS\System32\sechost.dll
0x00007ffe84fc0000 - 0x00007ffe850d8000 	C:\WINDOWS\System32\RPCRT4.dll
0x00007ffe861b0000 - 0x00007ffe86375000 	C:\WINDOWS\System32\USER32.dll
0x00007ffe84a90000 - 0x00007ffe84ab7000 	C:\WINDOWS\System32\win32u.dll
0x00007ffe86b80000 - 0x00007ffe86bab000 	C:\WINDOWS\System32\GDI32.dll
0x00007ffe670f0000 - 0x00007ffe67383000 	C:\WINDOWS\WinSxS\amd64_microsoft.windows.common-controls_6595b64144ccf1df_6.0.26100.7309_none_3e05feeae336a044\COMCTL32.dll
0x00007ffe84070000 - 0x00007ffe8419c000 	C:\WINDOWS\System32\gdi32full.dll
0x00007ffe841a0000 - 0x00007ffe84243000 	C:\WINDOWS\System32\msvcp_win.dll
0x00007ffe7da30000 - 0x00007ffe7da3b000 	C:\WINDOWS\SYSTEM32\VERSION.dll
0x00007ffe86bb0000 - 0x00007ffe86be1000 	C:\WINDOWS\System32\IMM32.DLL
0x00007ffe74dd0000 - 0x00007ffe74ddc000 	C:\Users\Admin\PROGSATIVOS\jdks-java\jdk-21_windows-x64_bin\jdk-21.0.9\bin\vcruntime140_1.dll
0x00007ffe59990000 - 0x00007ffe59a1e000 	C:\Users\Admin\PROGSATIVOS\jdks-java\jdk-21_windows-x64_bin\jdk-21.0.9\bin\msvcp140.dll
0x00007ffdf6550000 - 0x00007ffdf726d000 	C:\Users\Admin\PROGSATIVOS\jdks-java\jdk-21_windows-x64_bin\jdk-21.0.9\bin\server\jvm.dll
0x00007ffe86bf0000 - 0x00007ffe86c64000 	C:\WINDOWS\System32\WS2_32.dll
0x00007ffe83cd0000 - 0x00007ffe83d2e000 	C:\WINDOWS\SYSTEM32\POWRPROF.dll
0x00007ffe7ccb0000 - 0x00007ffe7cce5000 	C:\WINDOWS\SYSTEM32\WINMM.dll
0x00007ffe83cb0000 - 0x00007ffe83cc4000 	C:\WINDOWS\SYSTEM32\UMPDC.dll
0x00007ffe82be0000 - 0x00007ffe82bfb000 	C:\WINDOWS\SYSTEM32\kernel.appcore.dll
0x00007ffe74de0000 - 0x00007ffe74dea000 	C:\Users\Admin\PROGSATIVOS\jdks-java\jdk-21_windows-x64_bin\jdk-21.0.9\bin\jimage.dll
0x00007ffe77e50000 - 0x00007ffe78092000 	C:\WINDOWS\SYSTEM32\DBGHELP.DLL
0x00007ffe85530000 - 0x00007ffe858b6000 	C:\WINDOWS\System32\combase.dll
0x00007ffe85350000 - 0x00007ffe85426000 	C:\WINDOWS\System32\OLEAUT32.dll
0x00007ffe5aca0000 - 0x00007ffe5acdc000 	C:\WINDOWS\SYSTEM32\dbgcore.DLL
0x00007ffe83e70000 - 0x00007ffe83f15000 	C:\WINDOWS\System32\bcryptPrimitives.dll
0x00007ffe66040000 - 0x00007ffe6605f000 	C:\Users\Admin\PROGSATIVOS\jdks-java\jdk-21_windows-x64_bin\jdk-21.0.9\bin\java.dll

dbghelp: loaded successfully - version: 4.0.5 - missing functions: none
symbol engine: initialized successfully - sym options: 0x614 - pdb path: .;C:\Users\Admin\PROGSATIVOS\jdks-java\jdk-21_windows-x64_bin\jdk-21.0.9\bin;C:\WINDOWS\SYSTEM32;C:\WINDOWS\WinSxS\amd64_microsoft.windows.common-controls_6595b64144ccf1df_6.0.26100.7309_none_3e05feeae336a044;C:\Users\Admin\PROGSATIVOS\jdks-java\jdk-21_windows-x64_bin\jdk-21.0.9\bin\server

VM Arguments:
jvm_args: -XX:+ShowCodeDetailsInExceptionMessages 
java_command: App
java_class_path (initial): C:\Users\Admin\AppData\Roaming\Code\User\workspaceStorage\cdd7eaa3685c2ea7dd1a1af975df1ebb\redhat.java\jdt_ws\Programacao_algoritmo_java_abfd28c3\bin
Launcher Type: SUN_STANDARD

[Global flags]
     intx CICompilerCount                          = 4                                         {product} {ergonomic}
     uint ConcGCThreads                            = 3                                         {product} {ergonomic}
     uint G1ConcRefinementThreads                  = 10                                        {product} {ergonomic}
   size_t G1HeapRegionSize                         = 2097152                                   {product} {ergonomic}
    uintx GCDrainStackTargetSize                   = 64                                        {product} {ergonomic}
   size_t InitialHeapSize                          = 257949696                                 {product} {ergonomic}
   size_t MarkStackSize                            = 4194304                                   {product} {ergonomic}
   size_t MaxHeapSize                              = 4127195136                                {product} {ergonomic}
   size_t MinHeapDeltaBytes                        = 2097152                                   {product} {ergonomic}
   size_t MinHeapSize                              = 8388608                                   {product} {ergonomic}
    uintx NonNMethodCodeHeapSize                   = 5839372                                {pd product} {ergonomic}
    uintx NonProfiledCodeHeapSize                  = 122909434                              {pd product} {ergonomic}
    uintx ProfiledCodeHeapSize                     = 122909434                              {pd product} {ergonomic}
    uintx ReservedCodeCacheSize                    = 251658240                              {pd product} {ergonomic}
     bool SegmentedCodeCache                       = true                                      {product} {ergonomic}
     bool ShowCodeDetailsInExceptionMessages       = true                                   {manageable} {command line}
   size_t SoftMaxHeapSize                          = 4127195136                             {manageable} {ergonomic}
     bool UseCompressedOops                        = true                           {product lp64_product} {ergonomic}
     bool UseG1GC                                  = true                                      {product} {ergonomic}
     bool UseLargePagesIndividualAllocation        = false                                  {pd product} {ergonomic}

Logging:
Log output configuration:
 #0: stdout all=warning uptime,level,tags foldmultilines=false
 #1: stderr all=off uptime,level,tags foldmultilines=false

Environment Variables:
JAVA_HOME=C:\Users\Admin\PROGSATIVOS\jdks-java\jdk-21_windows-x64_bin\jdk-21.0.9
PATH=C:\Program Files\Common Files\Oracle\Java\javapath;C:\Python314\Scripts\;C:\Python314\;C:\WINDOWS\system32;C:\WINDOWS;C:\WINDOWS\System32\Wbem;C:\WINDOWS\System32\WindowsPowerShell\v1.0\;C:\WINDOWS\System32\OpenSSH\;C:\Users\Admin\PROGSATIVOS\jdks-java\jdk-21_windows-x64_bin\jdk-21.0.9\bin;C:\Users\Admin\PROGSATIVOS\ides\emacs-30.1\bin;C:\Program Files\Git\cmd;C:\Program Files\GitHub CLI\;C:\Program Files\nodejs\;C:\ProgramData\chocolatey\bin;C:\Program Files\7-Zip;C:\Program Files\Docker\Docker\resources\bin;C:\Program Files\Microsoft SQL Server\170\Tools\Binn\;C:\Program Files\Microsoft SQL Server\Client SDK\ODBC\170\Tools\Binn\;C:\Program Files\dotnet\;C:\Program Files (x86)\Windows Kits\10\Windows Performance Toolkit\;C:\xampp\php;C:\ProgramData\ComposerSetup\bin;C:\Program Files (x86)\Microsoft SQL Server\150\DTS\Binn\;C:\Program Files\Microsoft SQL Server\150\DTS\Binn\;C:\Program Files (x86)\Microsoft SQL Server\150\Tools\Binn\;C:\Program Files\Microsoft SQL Server\150\Tools\Binn\;C:\Users\Admin\PROGSATIVOS\build-java\apache-maven-3.9.12\bin;C:\Users\Admin\PROGSATIVOS\build-java\apache-ant-1.10.15\bin;C:\Users\Admin\PROGSATIVOS\build-java\gradle-9.2.1\bin;C:\Users\Admin\PROGSATIVOS\jdks-kotlin\kotlinc\bin;C:\Users\Admin\AppData\Local\Microsoft\WindowsApps;C:\Users\Admin\AppData\Local\Programs\Antigravity\bin;C:\Users\Admin\AppData\Local\Programs\Microsoft VS Code\bin;C:\Users\Admin\AppData\Local\GitHubDesktop\bin;C:\Users\Admin\AppData\Roaming\npm;C:\Users\Admin\.dotnet\tools;C:\Users\Admin\AppData\Roaming\Composer\vendor\bin
USERNAME=Admin
OS=Windows_NT
PROCESSOR_IDENTIFIER=AMD64 Family 23 Model 96 Stepping 1, AuthenticAMD
TMP=C:\Users\Admin\AppData\Local\Temp
TEMP=C:\Users\Admin\AppData\Local\Temp




Periodic native trim disabled

---------------  S Y S T E M  ---------------

OS:
 Windows 11 , 64 bit Build 26100 (10.0.26100.7623)
OS uptime: 0 days 2:55 hours
Hyper-V role detected

CPU: total 12 (initial active 12) (12 cores per cpu, 2 threads per core) family 23 model 96 stepping 1 microcode 0x8600103, cx8, cmov, fxsr, ht, mmx, 3dnowpref, sse, sse2, sse3, ssse3, sse4a, sse4.1, sse4.2, popcnt, lzcnt, tsc, tscinvbit, avx, avx2, aes, clmul, bmi1, bmi2, adx, sha, fma, vzeroupper, clflush, clflushopt, hv, rdtscp, rdpid, f16c
Processor Information for processor 0
  Max Mhz: 3701, Current Mhz: 2957, Mhz Limit: 3701
Processor Information for processor 1
  Max Mhz: 3701, Current Mhz: 2957, Mhz Limit: 3701
Processor Information for processor 2
  Max Mhz: 3701, Current Mhz: 2957, Mhz Limit: 3701
Processor Information for processor 3
  Max Mhz: 3701, Current Mhz: 2957, Mhz Limit: 3701
Processor Information for processor 4
  Max Mhz: 3701, Current Mhz: 2957, Mhz Limit: 3701
Processor Information for processor 5
  Max Mhz: 3701, Current Mhz: 3701, Mhz Limit: 3701
Processor Information for processor 6
  Max Mhz: 3701, Current Mhz: 2957, Mhz Limit: 3701
Processor Information for processor 7
  Max Mhz: 3701, Current Mhz: 2957, Mhz Limit: 3701
Processor Information for processor 8
  Max Mhz: 3701, Current Mhz: 2957, Mhz Limit: 3701
Processor Information for processor 9
  Max Mhz: 3701, Current Mhz: 2957, Mhz Limit: 3701
Processor Information for processor 10
  Max Mhz: 3701, Current Mhz: 2957, Mhz Limit: 3701
Processor Information for processor 11
  Max Mhz: 3701, Current Mhz: 2957, Mhz Limit: 3701

Memory: 4k page, system-wide physical 15741M (2066M free)
TotalPageFile size 15741M (AvailPageFile size 229M)
current process WorkingSet (physical memory assigned to process): 12M, peak: 12M
current process commit charge ("private bytes"): 64M, peak: 310M

vm_info: Java HotSpot(TM) 64-Bit Server VM (21.0.9+7-LTS-338) for windows-amd64 JRE (21.0.9+7-LTS-338), built on 2025-09-26T06:33:49Z by "mach5run" with MS VC++ 17.6 (VS2022)

END.
